[
  {
    "name": "symbpl",
    "password": "Possw0rd", 
    "role":"user"
  }
]