
  {
    "message": "Key: 'Password' Error:Field validation for 'Password' failed on the 'custom-upp' tag"
  }