[
  {
    "name": "num",
    "password": "Password", 
    "role":"user"
  },
  {
    "name": "num",
    "password": "P@ssword", 
    "role":"user"
  }
]