[{
  "name": "user1",
  "password": "P@ssw0rd", 
  "role":"user"
}]